<form method="POST">
    <div id="my_name_wrap" style="display: none" aria-hidden="true">
        <input name="my_name" type="text" value="" id="my_name" autocomplete="nope" tabindex="-1">
        <input name="valid_from" type="text" value="1546300803-encrypted" autocomplete="nope" tabindex="-1">
    </div>
    <input name="myField" type="text">
</form>